../Drivers/CMSIS/Include/core_cm4.h:2059:26:ITM_SendChar	16	static,ignoring_inline_asm
../Core/Src/main.c:132:5:_write	32	static
../Core/Src/main.c:145:6:My_BLE_Init	64	static
../Core/Src/main.c:246:6:space_invader_controller_non_blocking	24	static
../Core/Src/main.c:296:5:main	8	static
../Core/Src/main.c:355:6:SystemClock_Config	96	static
../Core/Src/main.c:406:13:MX_I2C2_Init	8	static
../Core/Src/main.c:454:13:MX_USART1_UART_Init	8	static
../Core/Src/main.c:487:13:MX_DMA_Init	16	static
../Core/Src/main.c:505:13:MX_GPIO_Init	48	static
../Core/Src/main.c:576:6:HAL_GPIO_EXTI_Callback	16	static
../Core/Src/main.c:592:6:HAL_I2C_MemRxCpltCallback	16	static
../Core/Src/main.c:608:6:Error_Handler	4	static,ignoring_inline_asm
