../Drivers/CMSIS/Include/core_cm4.h:2059:26:ITM_SendChar	4
../Core/Src/main.c:132:5:_write	2
../Core/Src/main.c:145:6:My_BLE_Init	1
../Core/Src/main.c:246:6:space_invader_controller_non_blocking	8
../Core/Src/main.c:296:5:main	1
../Core/Src/main.c:355:6:SystemClock_Config	4
../Core/Src/main.c:406:13:MX_I2C2_Init	4
../Core/Src/main.c:454:13:MX_USART1_UART_Init	2
../Core/Src/main.c:487:13:MX_DMA_Init	1
../Core/Src/main.c:505:13:MX_GPIO_Init	1
../Core/Src/main.c:576:6:HAL_GPIO_EXTI_Callback	2
../Core/Src/main.c:592:6:HAL_I2C_MemRxCpltCallback	2
../Core/Src/main.c:608:6:Error_Handler	1
